12:27:13 **** Incremental Build of configuration Debug for project 07_TIM6_TimeBase_100ms ****
make -j12 all 
arm-none-eabi-size  07_TIM6_TimeBase_100ms.elf 
   text	   data	    bss	    dec	    hex	filename
   6572	     12	   1644	   8228	   2024	07_TIM6_TimeBase_100ms.elf
Finished building: default.size.stdout
 
12:31:18 **** Incremental Build of configuration Debug for project 07_TIM6_TimeBase_100ms ****
make -j12 all 
arm-none-eabi-size  07_TIM6_TimeBase_100ms.elf 
   text	   data	    bss	    dec	    hex	filename
   6572	     12	   1644	   8228	   2024	07_TIM6_TimeBase_100ms.elf
Finished building: default.size.stdout
 
